### RUN wikifull_T8_ef400
fg: AVX2+FMA kernels, 64 hw threads available
=== data/wikifull_X.npy : N=6350000 d=1024 queries=10000 (L2) ===
  forest: 8 SATs (proximal) over n=6350000  trees 892.24s (64 threads), 78866.4M dist
  overlay+backlinks 3.30s (95292720 directed edges, raw max deg 576); harvest ef=400 cap=64 rounds=1 2828.40s
  edges: 214207309 directed (33.7/vertex, max 128); memory 908MB
  local completeness (k=10, sample): 0.545

     ef  recall@10  dist/query     QPS(mt)
     10     0.6856         835       11277
     20     0.7998        1186        7619
     30     0.8489        1501        5896
     50     0.8965        2093        4119
     80     0.9278        2930        2936
    120     0.9471        3991        2148
    200     0.9649        5990        1421
### END
### RUN wikifull_T16_ef400
fg: AVX2+FMA kernels, 64 hw threads available
=== data/wikifull_X.npy : N=6350000 d=1024 queries=10000 (L2) ===
  forest: 16 SATs (proximal) over n=6350000  trees 919.73s (64 threads), 126777.3M dist
  overlay+backlinks 5.18s (180952610 directed edges, raw max deg 711); harvest ef=400 cap=64 rounds=1 4529.30s
  edges: 231991209 directed (36.5/vertex, max 128); memory 979MB
  local completeness (k=10, sample): 0.563

     ef  recall@10  dist/query     QPS(mt)
     10     0.7106         841       10983
     20     0.8191        1206        7410
     30     0.8684        1541        5728
     50     0.9141        2177        3997
     80     0.9428        3074        2800
    120     0.9603        4214        2016
    200     0.9738        6352        1325
### END
