[glove] systems=['graft-T16-ef400', 'graft-T32-ef600', 'vamana-R100-L200-a1.0-2pass', 'pipnn'] blocks=8 cool=45.0s threads=10
[glove] block 0 pos 0 graft-T16-ef400                build    332.6 s (process 343 s)
[glove] block 0 pos 1 vamana-R100-L200-a1.0-2pass    build    402.9 s (process 473 s)
[glove] block 0 pos 2 graft-T32-ef600                build   1504.0 s (process 1516 s)
[glove] block 0 pos 3 pipnn                          build     30.1 s (process 94 s)
[glove] block 1 pos 0 pipnn                          build     54.7 s (process 113 s)
[glove] block 1 pos 1 graft-T16-ef400                build    663.3 s (process 676 s)
[glove] block 1 pos 2 graft-T32-ef600                build   1580.6 s (process 1593 s)
[glove] block 1 pos 3 vamana-R100-L200-a1.0-2pass    build    485.0 s (process 565 s)
[glove] block 2 pos 0 vamana-R100-L200-a1.0-2pass    build    485.8 s (process 565 s)
[glove] block 2 pos 1 graft-T32-ef600                build   1524.9 s (process 1537 s)
[glove] block 2 pos 2 graft-T16-ef400                build    655.2 s (process 668 s)
[glove] block 2 pos 3 pipnn                          build     31.0 s (process 77 s)
[glove] block 3 pos 0 graft-T32-ef600                build   1529.7 s (process 1542 s)
[glove] block 3 pos 1 pipnn                          build     31.8 s (process 80 s)
[glove] block 3 pos 2 graft-T16-ef400                build    651.9 s (process 664 s)
[glove] block 3 pos 3 vamana-R100-L200-a1.0-2pass    build    506.5 s (process 590 s)
[glove] block 4 pos 0 vamana-R100-L200-a1.0-2pass    build    502.9 s (process 583 s)
[glove] block 4 pos 1 pipnn                          build     30.2 s (process 76 s)
[glove] block 4 pos 2 graft-T32-ef600                build   1584.1 s (process 1596 s)
[glove] block 4 pos 3 graft-T16-ef400                build    635.4 s (process 647 s)
[glove] block 5 pos 0 pipnn                          build     30.1 s (process 73 s)
[glove] block 5 pos 1 graft-T16-ef400                build    660.5 s (process 672 s)
[glove] block 5 pos 2 graft-T32-ef600                build   1515.7 s (process 1528 s)
[glove] block 5 pos 3 vamana-R100-L200-a1.0-2pass    build    477.6 s (process 554 s)
[glove] block 6 pos 0 graft-T32-ef600                build   1580.1 s (process 1594 s)
[glove] block 6 pos 1 pipnn                          build     47.7 s (process 107 s)
[glove] block 6 pos 2 graft-T16-ef400                build    657.2 s (process 669 s)
[glove] block 6 pos 3 vamana-R100-L200-a1.0-2pass    build    466.4 s (process 543 s)
[glove] block 7 pos 0 graft-T32-ef600                build   1494.3 s (process 1506 s)
[glove] block 7 pos 1 graft-T16-ef400                build    663.1 s (process 674 s)
[glove] block 7 pos 2 pipnn                          build     31.7 s (process 78 s)
[glove] block 7 pos 3 vamana-R100-L200-a1.0-2pass    build    464.8 s (process 540 s)
[glove] wrote results/paired_wallclock/paired-glove-s1.json
DONE
