[sift] systems=['graft-T4-ef400', 'graft-T16-ef400', 'vamana-R64-L128-a1.15-2pass', 'pipnn'] blocks=8 cool=45.0s threads=10
[sift] block 0 pos 0 graft-T16-ef400                build    118.6 s (process 123 s)
[sift] block 0 pos 1 vamana-R64-L128-a1.15-2pass    build     64.0 s (process 89 s)
[sift] block 0 pos 2 graft-T4-ef400                 build     69.3 s (process 75 s)
[sift] block 0 pos 3 pipnn                          build     18.6 s (process 36 s)
[sift] block 1 pos 0 vamana-R64-L128-a1.15-2pass    build     88.9 s (process 118 s)
[sift] block 1 pos 1 graft-T4-ef400                 build     73.8 s (process 80 s)
[sift] block 1 pos 2 pipnn                          build     18.3 s (process 36 s)
[sift] block 1 pos 3 graft-T16-ef400                build    201.3 s (process 209 s)
[sift] block 2 pos 0 graft-T4-ef400                 build     85.2 s (process 93 s)
[sift] block 2 pos 1 pipnn                          build     20.6 s (process 41 s)
[sift] block 2 pos 2 vamana-R64-L128-a1.15-2pass    build     78.5 s (process 111 s)
[sift] block 2 pos 3 graft-T16-ef400                build    234.1 s (process 242 s)
[sift] block 3 pos 0 graft-T16-ef400                build    230.4 s (process 239 s)
[sift] block 3 pos 1 pipnn                          build     20.9 s (process 42 s)
[sift] block 3 pos 2 vamana-R64-L128-a1.15-2pass    build    105.0 s (process 141 s)
[sift] block 3 pos 3 graft-T4-ef400                 build    117.8 s (process 129 s)
[sift] block 4 pos 0 graft-T16-ef400                build    226.8 s (process 235 s)
[sift] block 4 pos 1 vamana-R64-L128-a1.15-2pass    build    102.2 s (process 140 s)
[sift] block 4 pos 2 pipnn                          build     19.1 s (process 38 s)
[sift] block 4 pos 3 graft-T4-ef400                 build     69.8 s (process 76 s)
[sift] block 5 pos 0 pipnn                          build     19.9 s (process 40 s)
[sift] block 5 pos 1 vamana-R64-L128-a1.15-2pass    build     74.1 s (process 112 s)
[sift] block 5 pos 2 graft-T4-ef400                 build     92.2 s (process 101 s)
[sift] block 5 pos 3 graft-T16-ef400                build    223.3 s (process 231 s)
[sift] block 6 pos 0 graft-T4-ef400                 build    100.0 s (process 109 s)
[sift] block 6 pos 1 pipnn                          build     22.8 s (process 46 s)
[sift] block 6 pos 2 graft-T16-ef400                build    218.8 s (process 227 s)
[sift] block 6 pos 3 vamana-R64-L128-a1.15-2pass    build    115.3 s (process 150 s)
[sift] block 7 pos 0 vamana-R64-L128-a1.15-2pass    build    113.6 s (process 153 s)
[sift] block 7 pos 1 graft-T16-ef400                build    214.2 s (process 222 s)
[sift] block 7 pos 2 pipnn                          build     20.2 s (process 40 s)
[sift] block 7 pos 3 graft-T4-ef400                 build     72.6 s (process 79 s)
[sift] wrote results/paired_wallclock/paired-sift-s1.json
[glove] systems=['graft-T16-ef400', 'graft-T32-ef600', 'vamana-R100-L200-a1.0-2pass', 'pipnn'] blocks=8 cool=45.0s threads=10
[glove] block 0 pos 0 graft-T16-ef400                build    499.6 s (process 509 s)
[glove] block 0 pos 1 vamana-R100-L200-a1.0-2pass    build    402.0 s (process 466 s)
