### RUN T16_h600
fg: NEON kernels, 10 hw threads available
=== data/glove_X.npy : N=1183514 d=100 queries=10000 (cosine) ===
  rows padded d=100 -> 112 (whole cache lines)
  forest: 16 SATs (proximal) over n=1183514  trees 12.16s (10 threads), 34933.2M dist
  overlay+backlinks 0.19s (35209438 directed edges, raw max deg 1211); cap>0 0.00s; harvest ef=600 cap=64 rounds=1 401.21s
  edges: 46100852 directed (39.0/vertex, max 256); memory 194MB
  local completeness (k=10, sample): 0.562

     ef  recall@10  dist/query     QPS(mt)
    100     0.8833        3966       17051
    200     0.9314        7096       10066
    400     0.9659       12982        5344
    600     0.9790       18555        3608
   1200     0.9927       34156        1867
   2400     0.9982       62414         962
### END T16_h600
### RUN T24_h600
fg: NEON kernels, 10 hw threads available
=== data/glove_X.npy : N=1183514 d=100 queries=10000 (cosine) ===
  rows padded d=100 -> 112 (whole cache lines)
  forest: 24 SATs (proximal) over n=1183514  trees 25.03s (10 threads), 47679.3M dist
  overlay+backlinks 0.34s (51282814 directed edges, raw max deg 1514); cap>0 0.00s; harvest ef=600 cap=64 rounds=1 552.18s
  edges: 48303956 directed (40.8/vertex, max 256); memory 203MB
  local completeness (k=10, sample): 0.577

     ef  recall@10  dist/query     QPS(mt)
    100     0.8874        4055       16300
    200     0.9360        7282        9548
    400     0.9684       13363        5022
    600     0.9810       19124        3458
   1200     0.9939       35258        1776
   2400     0.9984       64446         905
### END T24_h600
