Vary degree = 0
Ground truth: detected 10000 points with num results 100
Data: detected 1183514 points with dimension 100
Aligning bytes to 448
Data: detected 10000 points with dimension 100
Aligning bytes to 448
Building graph...
number of passes = 2
Pass 10% complete
time: command terminated abnormally
        0.81 real         1.37 user         0.38 sys
          1563590656  maximum resident set size
                   0  average shared memory size
                   0  average unshared data size
                   0  average unshared stack size
               95804  page reclaims
                   6  page faults
                   0  swaps
                   0  block input operations
                   0  block output operations
                   0  messages sent
                   0  messages received
                   0  signals received
                   4  voluntary context switches
               26854  involuntary context switches
         11918706463  instructions retired
          5915134278  cycles elapsed
          1559594520  peak memory footprint
